[    1060ms] [LOG] CornerstoneRender: using GPU rendering @ https://pacs.evacenter.com/v2/main.29a64a218577d1af.js:0
[    2405ms] [WARNING] Tool Zoom not added to toolGroup, can't set tool mode. @ https://pacs.evacenter.com/v2/main.29a64a218577d1af.js:161
[    2406ms] [WARNING] Tool Zoom not added to toolGroup, can't set tool mode. @ https://pacs.evacenter.com/v2/main.29a64a218577d1af.js:161
[    3037ms] [WARNING] Warning: Set value to model directly dataType, Int16Array @ https://pacs.evacenter.com/v2/main.29a64a218577d1af.js:0
[    3037ms] [WARNING] Warning: Set value to model directly voxelManager, [object Object] @ https://pacs.evacenter.com/v2/main.29a64a218577d1af.js:0
[    3037ms] [WARNING] Warning: Set value to model directly id, cornerstoneStreamingImageVolume:MPR_VOLUME_ID-0d018bf7-c18f-4882-b8fb-440fb72299d8 @ https://pacs.evacenter.com/v2/main.29a64a218577d1af.js:0
[    3037ms] [WARNING] Warning: Set value to model directly numberOfComponents, 1 @ https://pacs.evacenter.com/v2/main.29a64a218577d1af.js:0
[    3037ms] [WARNING] Warning: Set value to model directly hasScalarVolume, false @ https://pacs.evacenter.com/v2/main.29a64a218577d1af.js:0
[    3047ms] [WARNING] Warning: Set value to model directly viewportId, 0 @ https://pacs.evacenter.com/v2/main.29a64a218577d1af.js:0
[    3048ms] [WARNING] Warning: Set value to model directly viewportId, 1 @ https://pacs.evacenter.com/v2/main.29a64a218577d1af.js:0
[    3049ms] [WARNING] Warning: Set value to model directly viewportId, 2 @ https://pacs.evacenter.com/v2/main.29a64a218577d1af.js:0
[    3049ms] [WARNING] Warning: Set value to model directly viewportId, 3 @ https://pacs.evacenter.com/v2/main.29a64a218577d1af.js:0
[    3065ms] [WARNING] 'VolumeCropping' is not registered with this toolGroup (VIEWPORT_3D_TOOL_GROUP_ID). @ https://pacs.evacenter.com/v2/main.29a64a218577d1af.js:161
[    3065ms] [WARNING] 'Freehand3DVolumeCropping' is not registered with this toolGroup (VIEWPORT_3D_TOOL_GROUP_ID). @ https://pacs.evacenter.com/v2/main.29a64a218577d1af.js:161
[    3110ms] [WARNING] [VWS-1207] MPR predictedEpsMm=0.0700mm (mu=1.0000) @ https://pacs.evacenter.com/v2/main.29a64a218577d1af.js:161
[    3114ms] [WARNING] [VWS-1207] MPR predictedEpsMm=0.0700mm (mu=1.0000) @ https://pacs.evacenter.com/v2/main.29a64a218577d1af.js:161
[    3121ms] [WARNING] [VWS-1207] MPR predictedEpsMm=0.0700mm (mu=1.0000) @ https://pacs.evacenter.com/v2/main.29a64a218577d1af.js:161
[    3131ms] [WARNING] [VWS-1207] MPR predictedEpsMm=0.0700mm (mu=1.0000) @ https://pacs.evacenter.com/v2/main.29a64a218577d1af.js:161
[    3165ms] [WARNING] 'Crosshairs' is not registered with this toolGroup (VIEWPORT_TOOL_GROUP_ID). @ https://pacs.evacenter.com/v2/main.29a64a218577d1af.js:161
[    3166ms] [WARNING] 'Crosshairs' is not registered with this toolGroup (VIEWPORT_3D_TOOL_GROUP_ID). @ https://pacs.evacenter.com/v2/main.29a64a218577d1af.js:161
[    3166ms] [WARNING] 'Crosshairs' is not registered with this toolGroup (VIEWPORT_TOOL_GROUP_ID). @ https://pacs.evacenter.com/v2/main.29a64a218577d1af.js:161
[    3166ms] [WARNING] 'Crosshairs' is not registered with this toolGroup (VIEWPORT_3D_TOOL_GROUP_ID). @ https://pacs.evacenter.com/v2/main.29a64a218577d1af.js:161
