[    1088ms] [LOG] CornerstoneRender: using GPU rendering @ https://pacs.evacenter.com/v2/main.29a64a218577d1af.js:0
[    2552ms] [WARNING] Tool Zoom not added to toolGroup, can't set tool mode. @ https://pacs.evacenter.com/v2/main.29a64a218577d1af.js:161
[    2553ms] [WARNING] Tool Zoom not added to toolGroup, can't set tool mode. @ https://pacs.evacenter.com/v2/main.29a64a218577d1af.js:161
[    3268ms] [WARNING] Warning: Set value to model directly dataType, Int16Array @ https://pacs.evacenter.com/v2/main.29a64a218577d1af.js:0
[    3268ms] [WARNING] Warning: Set value to model directly voxelManager, [object Object] @ https://pacs.evacenter.com/v2/main.29a64a218577d1af.js:0
[    3268ms] [WARNING] Warning: Set value to model directly id, cornerstoneStreamingImageVolume:MPR_VOLUME_ID-0d018bf7-c18f-4882-b8fb-440fb72299d8 @ https://pacs.evacenter.com/v2/main.29a64a218577d1af.js:0
[    3268ms] [WARNING] Warning: Set value to model directly numberOfComponents, 1 @ https://pacs.evacenter.com/v2/main.29a64a218577d1af.js:0
[    3268ms] [WARNING] Warning: Set value to model directly hasScalarVolume, false @ https://pacs.evacenter.com/v2/main.29a64a218577d1af.js:0
[    3283ms] [WARNING] Warning: Set value to model directly viewportId, 0 @ https://pacs.evacenter.com/v2/main.29a64a218577d1af.js:0
[    3287ms] [WARNING] Warning: Set value to model directly viewportId, 1 @ https://pacs.evacenter.com/v2/main.29a64a218577d1af.js:0
[    3288ms] [WARNING] Warning: Set value to model directly viewportId, 2 @ https://pacs.evacenter.com/v2/main.29a64a218577d1af.js:0
[    3288ms] [WARNING] Warning: Set value to model directly viewportId, 3 @ https://pacs.evacenter.com/v2/main.29a64a218577d1af.js:0
[    3306ms] [WARNING] 'VolumeCropping' is not registered with this toolGroup (VIEWPORT_3D_TOOL_GROUP_ID). @ https://pacs.evacenter.com/v2/main.29a64a218577d1af.js:161
[    3306ms] [WARNING] 'Freehand3DVolumeCropping' is not registered with this toolGroup (VIEWPORT_3D_TOOL_GROUP_ID). @ https://pacs.evacenter.com/v2/main.29a64a218577d1af.js:161
[    3362ms] [WARNING] [VWS-1207] MPR predictedEpsMm=0.0700mm (mu=1.0000) @ https://pacs.evacenter.com/v2/main.29a64a218577d1af.js:161
[    3367ms] [WARNING] [VWS-1207] MPR predictedEpsMm=0.0700mm (mu=1.0000) @ https://pacs.evacenter.com/v2/main.29a64a218577d1af.js:161
[    3374ms] [WARNING] [VWS-1207] MPR predictedEpsMm=0.0700mm (mu=1.0000) @ https://pacs.evacenter.com/v2/main.29a64a218577d1af.js:161
[    3387ms] [WARNING] [VWS-1207] MPR predictedEpsMm=0.0700mm (mu=1.0000) @ https://pacs.evacenter.com/v2/main.29a64a218577d1af.js:161
[    3425ms] [WARNING] 'Crosshairs' is not registered with this toolGroup (VIEWPORT_TOOL_GROUP_ID). @ https://pacs.evacenter.com/v2/main.29a64a218577d1af.js:161
[    3425ms] [WARNING] 'Crosshairs' is not registered with this toolGroup (VIEWPORT_3D_TOOL_GROUP_ID). @ https://pacs.evacenter.com/v2/main.29a64a218577d1af.js:161
[    3426ms] [WARNING] 'Crosshairs' is not registered with this toolGroup (VIEWPORT_TOOL_GROUP_ID). @ https://pacs.evacenter.com/v2/main.29a64a218577d1af.js:161
[    3426ms] [WARNING] 'Crosshairs' is not registered with this toolGroup (VIEWPORT_3D_TOOL_GROUP_ID). @ https://pacs.evacenter.com/v2/main.29a64a218577d1af.js:161
